{
  "summary": "[FIRING:2]  (blue)",
  "body": "**Firing**\n\nLabels:\n - alertname = T2\n - team = blue\n - zone = us-1\nAnnotations:\n - description = This is the alert rule checking the second system\n - runbook_url = https://myrunbook.com\n - summary = This is my summary\nSource: https://play.grafana.org/alerting/1afz29v7z/edit\nSilence: https://play.grafana.org/alerting/silence/new?alertmanager=grafana&matchers=alertname%3DT2%2Cteam%3Dblue%2Czone%3Dus-1\n\nLabels:\n - alertname = T1\n - team = blue\n - zone = eu-1\nAnnotations:\nSource: https://play.grafana.org/alerting/d1rdpdv7k/edit\nSilence: https://play.grafana.org/alerting/silence/new?alertmanager=grafana&matchers=alertname%3DT1%2Cteam%3Dblue%2Czone%3Deu-1\n",
  "links": [
    {
      "href": "https://play.grafana.org/alerting/1afz29v7z/edit",
      "text": "High memory usage"
    },
    {
      "href": "https://play.grafana.org/alerting/d1rdpdv7k/edit",
      "text": "High CPU usage"
    }
  ],
  "images": [
    {
      "src": "null",
      "alt": "The system has high memory usage"
    },
    {
      "src": "null",
      "alt": "The system has high CPU usage"
    }
  ],
  "annotations": {
    "grafana/labels-team": "blue",
    "grafana/groupKey": "test-z7uoJoZ83dFLVgPe-eV5moHMhV7xN"
  },
  "idempotency_key": "62c90cc4efb34e3ded3db1eeef0d4285",
  "status": 0
}
