{
  "idempotency_key": "0.opqiw61fsv7p",
  "summary": "[no severity] Monitor-Project-Cluster: VM Instance - CPU utilization [MAX] on internal-project gke-cluster-1-default-pool-e2df4cbd-dgp3",
  "body": "CPU utilization for internal-project gke-cluster-1-16-default-pool-e2df4cbd-dgp3 with metric labels {instance_name=gke-cluster-1-default-pool-e2df4cbd-dgp3} and system labels {state=ACTIVE} returned to normal with a value of 0.835.",
  "status": 1,
  "links": [
    {
      "href": "https://console.cloud.google.com/monitoring/alerting/incidents/0.lxfiw61fsv7p?project=internal-project",
      "text": "Google Cloud Stackdriver Trigger"
    },
    {
      "href": "https://myownpersonaldomain.com/playbook?name=${resource.name}",
      "text": "Playbook"
    }
  ],
  "level": 0,
  "annotations": {
    "signals.firehydrant.com/notification-priority": "LOW",
    "cloud.google.com/condition_name": "VM Instance - CPU utilization [MAX]",
    "cloud.google.com/documentation_content": "TEST ALERT\n\npolicy.name=projects/internal-project/alertPolicies/1234567890123456789\n\npolicy.display_name=Monitored-Project-NO-GROUPBY\n\ncondition.name=projects/nternal-project/alertPolicies/1234567890123456789/conditions/1234567890123456789\n\ncondition.display_name=VM Instance - CPU utilization [MAX]\n\nproject=internal-project\n\nresrouce.project=internal-project \n\nDONE\n",
    "cloud.google.com/documentation_subject": "ALERT - No severity",
    "cloud.google.com/incident_id": "0.opqiw61fsv7p",
    "cloud.google.com/metadata_system_labels/labelkey": "labelvalue",
    "cloud.google.com/metadata_user_labels/labelkey": "labelvalue",
    "cloud.google.com/metric_type": "compute.googleapis.com/instance/cpu/utilization",
    "cloud.google.com/observed_value": "0.835",
    "cloud.google.com/policy_name": "Monitor-Project-Cluster",
    "cloud.google.com/policy_user_labels/user-label-1": "important label",
    "cloud.google.com/policy_user_labels/user-label-2": "another label",
    "cloud.google.com/resource_id": "11223344",
    "cloud.google.com/resource_name": "internal-project gke-cluster-1-default-pool-e2df4cbd-dgp3",
    "cloud.google.com/resource_type": "gce_instance",
    "cloud.google.com/resource_labels/instance_id": "11223344",
    "cloud.google.com/resource_labels/project_id": "internal-project",
    "cloud.google.com/resource_labels/zone": "us-central1-c",
    "cloud.google.com/scoping_project_id": "internal-project",
    "cloud.google.com/scoping_project_number": "12345",
    "cloud.google.com/severity": "no severity",
    "cloud.google.com/threshold_value": "0.9",
    "cloud.google.com/version": "1.2"
  }
}
