{
  "level": "INFO",
  "summary": "resolve for srv01/mysql",
  "body": "resolve for srv01/mysql",
  "status": "CLOSED",
  "annotations": {
    "events.pagerduty.com/v2/payload_severity": "",
    "events.pagerduty.com/v2/payload_class": "",
    "events.pagerduty.com/v2/routing_key": "e93facc04764012d7bfb002500d5d1a6",
    "events.pagerduty.com/v2/payload_group": "",
    "events.pagerduty.com/v2/payload_source": "",
    "events.pagerduty.com/v2/event_action": "resolve",
    "events.pagerduty.com/v2/dedup_key": "srv01/mysql",
    "events.pagerduty.com/v2/payload_component": ""
  },
  "images": [],
  "links": [],
  "idempotency_key": "srv01/mysql"
}
