{
  "id": "",
  "level": "INFO",
  "summary": "SubscriptionConfirmation from AWS SNS",
  "body": "You have chosen to subscribe to the topic arn:aws:sns:us-east-1:1234567890:AcmeCompany.\nTo confirm the subscription, visit the SubscribeURL included in this message.",
  "annotations": {
    "sns.amazonaws.com/TopicArn": "arn:aws:sns:us-east-1:1234567890:AcmeCompany",
    "sns.amazonaws.com/Timestamp": "2024-07-17T07:12:45.528Z",
    "sns.amazonaws.com/SigningCertURL": "https://sns.us-east-1.amazonaws.com/SimpleNotificationService-12345examplecert.pem",
    "sns.amazonaws.com/SignatureVersion": "1",
    "sns.amazonaws.com/Type": "SubscriptionConfirmation",
    "sns.amazonaws.com/Signature": "12345examplesignature"
  },
  "idempotency_key": "41d7f450-791a-480b-b55d-557f27f606dc",
  "images": [],
  "links": [
    {
      "href": "https://sns.us-east-1.amazonaws.com/SimpleNotificationService-12345examplecert.pem",
      "text": "AWS SNS Signing Cert URL"
    },
    {
      "href": "https://sns.us-east-1.amazonaws.com/?Action=ConfirmSubscription&TopicArn=arn:aws:sns:us-east-1:1234567890:AcmeCompany&Token=12345exampletoken",
      "text": "Subscribe URL for SNS Topic"
    }
  ],
  "tags": [],
  "attachments": [],
  "received_at": "2024-11-08T00:15:29.000+00:00"
}
